Running projection...
Running in the foreground
Initializing...
Failed to load gspread and oauth2client; Google functions will not work.
Loading weather...
rcp45 CCSM4
SSP2 low
/project/cil/battuta-shares-S3-archive/gcp/outputs/labor/impacts-woodwork/single-spline-3kn_27_37_39-013025/uninteracted_splines_27_37_39_by_risk_empshare_noFE_YearlyAverageDay/rcp45/CCSM4/low/SSP2
REDO: Cannot find /project/cil/battuta-shares-S3-archive/gcp/outputs/labor/impacts-woodwork/single-spline-3kn_27_37_39-013025/uninteracted_splines_27_37_39_by_risk_empshare_noFE_YearlyAverageDay/rcp45/CCSM4/low/SSP2/uninteracted_main_model.nc4
Full Adaptation
Collecting baseline information: Mean of tasmax
1981
1982
1983
1984
1985
1986
1987
1988
1989
1990
1991
1992
1993
1994
1995
1996
1997
1998
1999
2000
2001
2002
2003
2004
2005
2006
2007
2008
2009
2010
2011
2012
2013
2014
Collecting baseline information: Mean of tas
Collecting baseline information: Mean of tas-poly-2
Collecting baseline information: Mean of tas-poly-3
Collecting baseline information: Mean of tas-poly-4
WARNING: Predictor 1 definition not found in CSVV.
baseline-hi
baseline-lo
baseline
Creating calculations...
Processing years...
Push 1981
Push 1982
Push 1983
Push 1984
Push 1985
Push 1986
Push 1987
Push 1988
Push 1989
Push 1990
Push 1991
Push 1992
Push 1993
Push 1994
Push 1995
Push 1996
Push 1997
Push 1998
Push 1999
Push 2000
Push 2001
Push 2002
Push 2003
Push 2004
Push 2005
Push 2006
Push 2007
Push 2008
Push 2009
Push 2010
Push 2011
Push 2012
Push 2013
Push 2014
Push 2015
Push 2016
Push 2017
Push 2018
Push 2019
Push 2020
Push 2021
Push 2022
Push 2023
Push 2024
Push 2025
Push 2026
Push 2027
Push 2028
Push 2029
Push 2030
Push 2031
Push 2032
Push 2033
Push 2034
Push 2035
Push 2036
Push 2037
Push 2038
Push 2039
Push 2040
Push 2041
Push 2042
Push 2043
Push 2044
Push 2045
Push 2046
Push 2047
Push 2048
Push 2049
Push 2050
Push 2051
Push 2052
Push 2053
Push 2054
Push 2055
Push 2056
Push 2057
Push 2058
Push 2059
Push 2060
Push 2061
Push 2062
Push 2063
Push 2064
Push 2065
Push 2066
Push 2067
Push 2068
Push 2069
Push 2070
Push 2071
Push 2072
Push 2073
Push 2074
Push 2075
Push 2076
Push 2077
Push 2078
Push 2079
Push 2080
Push 2081
Push 2082
Push 2083
Push 2084
Push 2085
Push 2086
Push 2087
Push 2088
Push 2089
Push 2090
Push 2091
Push 2092
Push 2093
Push 2094
Push 2095
Push 2096
Push 2097
Push 2098
Push 2099
Push 2100
REDO: Cannot find /project/cil/battuta-shares-S3-archive/gcp/outputs/labor/impacts-woodwork/single-spline-3kn_27_37_39-013025/uninteracted_splines_27_37_39_by_risk_empshare_noFE_YearlyAverageDay/rcp45/CCSM4/low/SSP2/uninteracted_main_model-noadapt.nc4
No adaptation
Collecting baseline information: Mean of tasmax
1981
1982
1983
1984
1985
1986
1987
1988
1989
1990
1991
1992
1993
1994
1995
1996
1997
1998
1999
2000
2001
2002
2003
2004
2005
2006
2007
2008
2009
2010
2011
2012
2013
2014
Collecting baseline information: Mean of tas
Collecting baseline information: Mean of tas-poly-2
Collecting baseline information: Mean of tas-poly-3
Collecting baseline information: Mean of tas-poly-4
WARNING: Predictor 1 definition not found in CSVV.
baseline-hi
baseline-lo
baseline
Creating calculations...
Processing years...
Push 1981
Push 1982
Push 1983
Push 1984
Push 1985
Push 1986
Push 1987
Push 1988
Push 1989
Push 1990
Push 1991
Push 1992
Push 1993
Push 1994
Push 1995
Push 1996
Push 1997
Push 1998
Push 1999
Push 2000
Push 2001
Push 2002
Push 2003
Push 2004
Push 2005
Push 2006
Push 2007
Push 2008
Push 2009
Push 2010
Push 2011
Push 2012
Push 2013
Push 2014
Push 2015
Push 2016
Push 2017
Push 2018
Push 2019
Push 2020
Push 2021
Push 2022
Push 2023
Push 2024
Push 2025
Push 2026
Push 2027
Push 2028
Push 2029
Push 2030
Push 2031
Push 2032
Push 2033
Push 2034
Push 2035
Push 2036
Push 2037
Push 2038
Push 2039
Push 2040
Push 2041
Push 2042
Push 2043
Push 2044
Push 2045
Push 2046
Push 2047
Push 2048
Push 2049
Push 2050
Push 2051
Push 2052
Push 2053
Push 2054
Push 2055
Push 2056
Push 2057
Push 2058
Push 2059
Push 2060
Push 2061
Push 2062
Push 2063
Push 2064
Push 2065
Push 2066
Push 2067
Push 2068
Push 2069
Push 2070
Push 2071
Push 2072
Push 2073
Push 2074
Push 2075
Push 2076
Push 2077
Push 2078
Push 2079
Push 2080
Push 2081
Push 2082
Push 2083
Push 2084
Push 2085
Push 2086
Push 2087
Push 2088
Push 2089
Push 2090
Push 2091
Push 2092
Push 2093
Push 2094
Push 2095
Push 2096
Push 2097
Push 2098
Push 2099
Push 2100
REDO: Cannot find /project/cil/battuta-shares-S3-archive/gcp/outputs/labor/impacts-woodwork/single-spline-3kn_27_37_39-013025/uninteracted_splines_27_37_39_by_risk_empshare_noFE_YearlyAverageDay/rcp45/CCSM4/low/SSP2/uninteracted_main_model-incadapt.nc4
Income-only adaptation
Collecting baseline information: Mean of tasmax
1981
1982
1983
1984
1985
1986
1987
1988
1989
1990
1991
1992
1993
1994
1995
1996
1997
1998
1999
2000
2001
2002
2003
2004
2005
2006
2007
2008
2009
2010
2011
2012
2013
2014
Collecting baseline information: Mean of tas
Collecting baseline information: Mean of tas-poly-2
Collecting baseline information: Mean of tas-poly-3
Collecting baseline information: Mean of tas-poly-4
WARNING: Predictor 1 definition not found in CSVV.
baseline-hi
baseline-lo
baseline
Creating calculations...
Processing years...
Push 1981
Push 1982
Push 1983
Push 1984
Push 1985
Push 1986
Push 1987
Push 1988
Push 1989
Push 1990
Push 1991
Push 1992
Push 1993
Push 1994
Push 1995
Push 1996
Push 1997
Push 1998
Push 1999
Push 2000
Push 2001
Push 2002
Push 2003
Push 2004
Push 2005
Push 2006
Push 2007
Push 2008
Push 2009
Push 2010
Push 2011
Push 2012
Push 2013
Push 2014
Push 2015
Push 2016
Push 2017
Push 2018
Push 2019
Push 2020
Push 2021
Push 2022
Push 2023
Push 2024
Push 2025
Push 2026
Push 2027
Push 2028
Push 2029
Push 2030
Push 2031
Push 2032
Push 2033
Push 2034
Push 2035
Push 2036
Push 2037
Push 2038
Push 2039
Push 2040
Push 2041
Push 2042
Push 2043
Push 2044
Push 2045
Push 2046
Push 2047
Push 2048
Push 2049
Push 2050
Push 2051
Push 2052
Push 2053
Push 2054
Push 2055
Push 2056
Push 2057
Push 2058
Push 2059
Push 2060
Push 2061
Push 2062
Push 2063
Push 2064
Push 2065
Push 2066
Push 2067
Push 2068
Push 2069
Push 2070
Push 2071
Push 2072
Push 2073
Push 2074
Push 2075
Push 2076
Push 2077
Push 2078
Push 2079
Push 2080
Push 2081
Push 2082
Push 2083
Push 2084
Push 2085
Push 2086
Push 2087
Push 2088
Push 2089
Push 2090
Push 2091
Push 2092
Push 2093
Push 2094
Push 2095
Push 2096
Push 2097
Push 2098
Push 2099
Push 2100
Historical
REDO: Cannot find /project/cil/battuta-shares-S3-archive/gcp/outputs/labor/impacts-woodwork/single-spline-3kn_27_37_39-013025/uninteracted_splines_27_37_39_by_risk_empshare_noFE_YearlyAverageDay/rcp45/CCSM4/low/SSP2/uninteracted_main_model-histclim.nc4
Full Adaptation
Collecting baseline information: Mean of tasmax
1981
1982
1983
1984
1985
1986
1987
1988
1989
1990
1991
1992
1993
1994
1995
1996
1997
1998
1999
2000
2001
2002
2003
2004
2005
2006
2007
2008
2009
2010
2011
2012
2013
2014
2015
Collecting baseline information: Mean of tas
Collecting baseline information: Mean of tas-poly-2
Collecting baseline information: Mean of tas-poly-3
Collecting baseline information: Mean of tas-poly-4
WARNING: Predictor 1 definition not found in CSVV.
baseline-hi
baseline-lo
baseline
Creating calculations...
Processing years...
Push 1981
Push 1982
Push 1983
Push 1984
Push 1985
Push 1986
Push 1987
Push 1988
Push 1989
Push 1990
Push 1991
Push 1992
Push 1993
Push 1994
Push 1995
Push 1996
Push 1997
Push 1998
Push 1999
Push 2000
Push 2001
Push 2002
Push 2003
Push 2004
Push 2005
Push 2006
Push 2007
Push 2008
Push 2009
Push 2010
Push 2011
Push 2012
Push 2013
Push 2014
Push 2015
Push 2016
Push 2017
Push 2018
Push 2019
Push 2020
Push 2021
Push 2022
Push 2023
Push 2024
Push 2025
Push 2026
Push 2027
Push 2028
Push 2029
Push 2030
Push 2031
Push 2032
Push 2033
Push 2034
Push 2035
Push 2036
Push 2037
Push 2038
Push 2039
Push 2040
Push 2041
Push 2042
Push 2043
Push 2044
Push 2045
Push 2046
Push 2047
Push 2048
Push 2049
Push 2050
Push 2051
Push 2052
Push 2053
Push 2054
Push 2055
Push 2056
Push 2057
Push 2058
Push 2059
Push 2060
Push 2061
Push 2062
Push 2063
Push 2064
Push 2065
Push 2066
Push 2067
Push 2068
Push 2069
Push 2070
Push 2071
Push 2072
Push 2073
Push 2074
Push 2075
Push 2076
Push 2077
Push 2078
Push 2079
Push 2080
Push 2081
Push 2082
Push 2083
Push 2084
Push 2085
Push 2086
Push 2087
Push 2088
Push 2089
Push 2090
Push 2091
Push 2092
Push 2093
Push 2094
Push 2095
Push 2096
Push 2097
Push 2098
Push 2099
Push 2100
Process Time: 8719.020002315
